To run a command as administrator (user "root"), use "sudo <command>".
See "man sudo_root" for details.

media-hub@media-hub:~$ sudo apt update
[sudo] password for media-hub: 
Get:1 http://security.ubuntu.com/ubuntu focal-security InRelease [107 kB]
Get:2 http://archive.ubuntu.com/ubuntu focal InRelease [265 kB]
...
Fetched 3,297 kB in 2s (2,008 kB/s)                      
Reading package lists... Error!
E: flAbsPath on /var/lib/dpkg/status failed - realpath (2: No such file or directory)
E: Could not open file  - open (2: No such file or directory)
E: Problem opening 
E: The package lists or status file could not be parsed or opened.

media-hub@media-hub:~$ sudo apt-get install -f
E: Could not open lock file /var/lib/dpkg/lock-frontend - open (2: No such file or directory)
E: Unable to acquire the dpkg frontend lock (/var/lib/dpkg/lock-frontend), are you root?

media-hub@media-hub:~$ sudo dpkg --configure -a
dpkg: error: unable to access the dpkg database directory /var/lib/dpkg: No such file or directory

media-hub@media-hub:~$ apt-get dist-upgrade
E: Could not open lock file /var/lib/dpkg/lock-frontend - open (2: No such file or directory)
E: Unable to acquire the dpkg frontend lock (/var/lib/dpkg/lock-frontend), are you root?

media-hub@media-hub:~$ sudo dpkg-reconfigure debconf
dpkg-query: error: failed to open package info file '/var/lib/dpkg/status' for reading: No such file or directory
dpkg-query: error: failed to open package info file '/var/lib/dpkg/status' for reading: No such file or directory
/usr/sbin/dpkg-reconfigure: debconf is not installed

media-hub@media-hub:~$ ls /var/lib/dpkg/updates
ls: cannot access '/var/lib/dpkg/updates': No such file or directory

media-hub@media-hub:~$ sudo dpkg --configure -a
dpkg: error: unable to access the dpkg database directory /var/lib/dpkg: No such file or directory

media-hub@media-hub:~$ sudo mkdir /var/lib/dpkg

media-hub@media-hub:~$ sudo dpkg --configure -a
dpkg: error: failed to open package info file '/var/lib/dpkg/status' for reading: No such file or directory

media-hub@media-hub:~$ sudo touch /var/lib/dpkg/status

media-hub@media-hub:~$ sudo dpkg --configure -a
dpkg: error: cannot scan updates directory '/var/lib/dpkg/updates/': No such file or directory

media-hub@media-hub:~$ sudo mkdir /var/lib/dpkg/updates/

media-hub@media-hub:~$ sudo dpkg --configure -a
dpkg: error: unable to create new file '/var/lib/dpkg/info/format-new': No such file or directory

media-hub@media-hub:~$ sudo mkdir /var/lib/dpkg/info/

media-hub@media-hub:~$ sudo dpkg --configure -a

media-hub@media-hub:~$ sudo apt-get install -f
Reading package lists... Done
Building dependency tree... Done
0 upgraded, 0 newly installed, 0 to remove and 0 not upgraded.

media-hub@media-hub:~$ sudo dpkg --configure -a
media-hub@media-hub:~$ sudo apt update
Hit:1 http://security.ubuntu.com/ubuntu focal-security InRelease
Hit:2 http://archive.ubuntu.com/ubuntu focal InRelease
Hit:3 http://archive.ubuntu.com/ubuntu focal-updates InRelease
Reading package lists... Done
Building dependency tree... Done
All packages are up to date.

media-hub@media-hub:~$ sudo dpkg --configure -a
media-hub@media-hub:~$ sudo apt update
Hit:1 http://security.ubuntu.com/ubuntu focal-security InRelease
Hit:2 http://archive.ubuntu.com/ubuntu focal InRelease
Hit:3 http://archive.ubuntu.com/ubuntu focal-updates InRelease
Reading package lists... Done
Building dependency tree... Done
All packages are up to date.

media-hub@media-hub:~$ sudo apt-get install -f
Reading package lists... Done
Building dependency tree... Done
0 upgraded, 0 newly installed, 0 to remove and 0 not upgraded.

media-hub@media-hub:~$ sudo apt upgrade
Reading package lists... Done
Building dependency tree... Done
Calculating upgrade... Done
0 upgraded, 0 newly installed, 0 to remove and 0 not upgraded.

media-hub@media-hub:~$ sudo apt upgrade
Reading package lists... Done
Building dependency tree       
Reading state information... Done
Calculating upgrade... Done
0 upgraded, 0 newly installed, 0 to remove and 0 not upgraded.
1 not fully installed or removed.
After this operation, 0 B of additional disk space will be used.
Do you want to continue? [Y/n] Y
Setting up mawk (1.3.4.20200120-2) ...
update-alternatives: error: cannot scan directory '/var/lib/dpkg/alternatives': No such file or directory
dpkg: error processing package mawk (--configure):
 installed mawk package post-installation script subprocess returned error exit status 2
Errors were encountered while processing:
 mawk
E: Sub-process /usr/bin/dpkg returned an error code (1)

media-hub@media-hub:~$ sudo mkdir /var/lib/dpkg/alternatives

media-hub@media-hub:~$ ls /var/lib/dpkg/alternatives

media-hub@media-hub:~$ sudo apt upgrade
Reading package lists... Done
Building dependency tree       
Reading state information... Done
Calculating upgrade... Done
0 upgraded, 0 newly installed, 0 to remove and 0 not upgraded.
1 not fully installed or removed.
After this operation, 0 B of additional disk space will be used.
Do you want to continue? [Y/n] Y
Setting up mawk (1.3.4.20200120-2) ...
